// Jest Snapshot v1, https://goo.gl/fbAQLP

exports[`Search component renders Search 1`] = `
<DocumentFragment>
  <form
    class="Header"
  >
    <label
      for="text"
    >
      NEWS
    </label>
    <input
      id="text"
      name="text"
      placeholder="what news"
      type="text"
      value=""
    />
    <button>
      Search
    </button>
  </form>
</DocumentFragment>
`;
